[0m16:05:00.911022 [debug] [MainThread]: Sending event: {'category': 'dbt', 'action': 'invocation', 'label': 'start', 'context': [<snowplow_tracker.self_describing_json.SelfDescribingJson object at 0x104acf550>, <snowplow_tracker.self_describing_json.SelfDescribingJson object at 0x108094d10>, <snowplow_tracker.self_describing_json.SelfDescribingJson object at 0x108095810>]}


============================== 16:05:00.917320 | 08e17e69-0093-48a8-ae99-50dca70bdecb ==============================
[0m16:05:00.917320 [info ] [MainThread]: Running with dbt=1.11.2
[0m16:05:00.918090 [debug] [MainThread]: running dbt with arguments {'printer_width': '80', 'invocation_command': 'dbt ls', 'use_colors': 'True', 'cache_selected_only': 'False', 'warn_error': 'None', 'log_path': 'logs', 'target_path': 'None', 'version_check': 'True', 'partial_parse': 'True', 'introspect': 'True', 'no_print': 'None', 'static_parser': 'True', 'write_json': 'True', 'fail_fast': 'False', 'log_format': 'default', 'warn_error_options': 'WarnErrorOptionsV2(error=[], warn=[], silence=[])', 'debug': 'False', 'indirect_selection': 'eager', 'log_cache_events': 'False', 'use_experimental_parser': 'False', 'quiet': 'False', 'send_anonymous_usage_stats': 'True', 'profiles_dir': '/Users/thoitruong/.dbt', 'empty': 'None'}
[0m16:05:00.918993 [error] [MainThread]: Encountered an error:
Runtime Error
  No dbt_project.yml found at expected path /Users/thoitruong/Documents/GitHub/datadude_dbt_fundamentals/dbt_project.yml
  Verify that each entry within packages.yml (and their transitive dependencies) contains a file named dbt_project.yml
  
[0m16:05:00.952288 [debug] [MainThread]: Resource report: {"command_name": "list", "command_success": false, "command_wall_clock_time": 0.14378059, "process_in_blocks": "0", "process_kernel_time": 0.386988, "process_mem_max_rss": "106692608", "process_out_blocks": "0", "process_user_time": 1.603564}
[0m16:05:00.953234 [debug] [MainThread]: Command `dbt ls` failed at 16:05:00.953114 after 0.14 seconds
[0m16:05:00.953712 [debug] [MainThread]: Sending event: {'category': 'dbt', 'action': 'invocation', 'label': 'end', 'context': [<snowplow_tracker.self_describing_json.SelfDescribingJson object at 0x102fee750>, <snowplow_tracker.self_describing_json.SelfDescribingJson object at 0x107ff7750>, <snowplow_tracker.self_describing_json.SelfDescribingJson object at 0x107ff7850>]}
[0m16:05:00.954149 [debug] [MainThread]: Flushing usage events
[0m16:05:02.169045 [debug] [MainThread]: An error was encountered while trying to flush usage events
[0m16:06:38.614791 [debug] [MainThread]: Sending event: {'category': 'dbt', 'action': 'invocation', 'label': 'start', 'context': [<snowplow_tracker.self_describing_json.SelfDescribingJson object at 0x1203f5190>, <snowplow_tracker.self_describing_json.SelfDescribingJson object at 0x120594b90>, <snowplow_tracker.self_describing_json.SelfDescribingJson object at 0x120595690>]}


============================== 16:06:38.619885 | 8dd73ca7-79fc-4d97-b6e3-aea77b376f88 ==============================
[0m16:06:38.619885 [info ] [MainThread]: Running with dbt=1.11.2
[0m16:06:38.620415 [debug] [MainThread]: running dbt with arguments {'log_format': 'default', 'use_colors': 'True', 'target_path': 'None', 'warn_error': 'None', 'warn_error_options': 'WarnErrorOptionsV2(error=[], warn=[], silence=[])', 'cache_selected_only': 'False', 'log_path': 'logs', 'log_cache_events': 'False', 'introspect': 'True', 'printer_width': '80', 'empty': 'None', 'debug': 'False', 'profiles_dir': '/Users/thoitruong/.dbt', 'send_anonymous_usage_stats': 'True', 'write_json': 'True', 'use_experimental_parser': 'False', 'quiet': 'False', 'static_parser': 'True', 'fail_fast': 'False', 'partial_parse': 'True', 'no_print': 'None', 'indirect_selection': 'eager', 'invocation_command': 'dbt ls --project-dir /Users/thoitruong/Documents/GitHub/datadude_dbt_fundamentals', 'version_check': 'True'}
[0m16:06:38.620903 [error] [MainThread]: Encountered an error:
Runtime Error
  No dbt_project.yml found at expected path /Users/thoitruong/Documents/GitHub/datadude_dbt_fundamentals/dbt_project.yml
  Verify that each entry within packages.yml (and their transitive dependencies) contains a file named dbt_project.yml
  
[0m16:06:38.622900 [debug] [MainThread]: Resource report: {"command_name": "list", "command_success": false, "command_wall_clock_time": 0.057602, "process_in_blocks": "0", "process_kernel_time": 0.139109, "process_mem_max_rss": "107315200", "process_out_blocks": "0", "process_user_time": 0.986096}
[0m16:06:38.623542 [debug] [MainThread]: Command `dbt ls` failed at 16:06:38.623461 after 0.06 seconds
[0m16:06:38.623864 [debug] [MainThread]: Sending event: {'category': 'dbt', 'action': 'invocation', 'label': 'end', 'context': [<snowplow_tracker.self_describing_json.SelfDescribingJson object at 0x1203f41d0>, <snowplow_tracker.self_describing_json.SelfDescribingJson object at 0x1203f76d0>, <snowplow_tracker.self_describing_json.SelfDescribingJson object at 0x1203f77d0>]}
[0m16:06:38.624186 [debug] [MainThread]: Flushing usage events
[0m16:06:40.053458 [debug] [MainThread]: An error was encountered while trying to flush usage events
[0m16:06:44.305324 [debug] [MainThread]: Sending event: {'category': 'dbt', 'action': 'invocation', 'label': 'start', 'context': [<snowplow_tracker.self_describing_json.SelfDescribingJson object at 0x111362210>, <snowplow_tracker.self_describing_json.SelfDescribingJson object at 0x111363650>, <snowplow_tracker.self_describing_json.SelfDescribingJson object at 0x11136bf10>]}


============================== 16:06:44.308479 | a7e3417c-1513-47eb-b394-0b8c6b166cf8 ==============================
[0m16:06:44.308479 [info ] [MainThread]: Running with dbt=1.11.2
[0m16:06:44.308992 [debug] [MainThread]: running dbt with arguments {'write_json': 'True', 'empty': 'None', 'introspect': 'True', 'fail_fast': 'False', 'cache_selected_only': 'False', 'target_path': 'None', 'no_print': 'None', 'warn_error': 'None', 'invocation_command': 'dbt ls --project-dir /Users/thoitruong/Documents/GitHub/datadude_dbt_fundamentals/', 'profiles_dir': '/Users/thoitruong/.dbt', 'warn_error_options': 'WarnErrorOptionsV2(error=[], warn=[], silence=[])', 'use_experimental_parser': 'False', 'log_format': 'default', 'printer_width': '80', 'version_check': 'True', 'use_colors': 'True', 'static_parser': 'True', 'quiet': 'False', 'indirect_selection': 'eager', 'partial_parse': 'True', 'send_anonymous_usage_stats': 'True', 'log_cache_events': 'False', 'log_path': 'logs', 'debug': 'False'}
[0m16:06:44.309473 [error] [MainThread]: Encountered an error:
Runtime Error
  No dbt_project.yml found at expected path /Users/thoitruong/Documents/GitHub/datadude_dbt_fundamentals/dbt_project.yml
  Verify that each entry within packages.yml (and their transitive dependencies) contains a file named dbt_project.yml
  
[0m16:06:44.310621 [debug] [MainThread]: Resource report: {"command_name": "list", "command_success": false, "command_wall_clock_time": 0.05159654, "process_in_blocks": "0", "process_kernel_time": 0.12862, "process_mem_max_rss": "106577920", "process_out_blocks": "0", "process_user_time": 0.980148}
[0m16:06:44.311202 [debug] [MainThread]: Command `dbt ls` failed at 16:06:44.311128 after 0.05 seconds
[0m16:06:44.311508 [debug] [MainThread]: Sending event: {'category': 'dbt', 'action': 'invocation', 'label': 'end', 'context': [<snowplow_tracker.self_describing_json.SelfDescribingJson object at 0x102d6e850>, <snowplow_tracker.self_describing_json.SelfDescribingJson object at 0x1112f4310>, <snowplow_tracker.self_describing_json.SelfDescribingJson object at 0x1112f7750>]}
[0m16:06:44.311813 [debug] [MainThread]: Flushing usage events
[0m16:06:45.558199 [debug] [MainThread]: An error was encountered while trying to flush usage events
[0m16:11:12.770547 [debug] [MainThread]: Sending event: {'category': 'dbt', 'action': 'invocation', 'label': 'start', 'context': [<snowplow_tracker.self_describing_json.SelfDescribingJson object at 0x10d062110>, <snowplow_tracker.self_describing_json.SelfDescribingJson object at 0x10d061410>, <snowplow_tracker.self_describing_json.SelfDescribingJson object at 0x10d07bf90>]}


============================== 16:11:12.775689 | 0a89570f-ff89-4b58-a4c4-10942b7edea1 ==============================
[0m16:11:12.775689 [info ] [MainThread]: Running with dbt=1.11.2
[0m16:11:12.776198 [debug] [MainThread]: running dbt with arguments {'profiles_dir': '/Users/thoitruong/.dbt', 'version_check': 'True', 'log_format': 'default', 'no_print': 'None', 'log_cache_events': 'False', 'use_experimental_parser': 'False', 'log_path': 'logs', 'debug': 'False', 'quiet': 'False', 'fail_fast': 'False', 'write_json': 'True', 'warn_error': 'None', 'target_path': 'None', 'invocation_command': 'dbt run', 'indirect_selection': 'eager', 'static_parser': 'True', 'partial_parse': 'True', 'use_colors': 'True', 'warn_error_options': 'WarnErrorOptionsV2(error=[], warn=[], silence=[])', 'empty': 'False', 'send_anonymous_usage_stats': 'True', 'introspect': 'True', 'printer_width': '80', 'cache_selected_only': 'False'}
[0m16:11:12.776691 [error] [MainThread]: Encountered an error:
Runtime Error
  No dbt_project.yml found at expected path /Users/thoitruong/Documents/GitHub/datadude_dbt_fundamentals/dbt_project.yml
  Verify that each entry within packages.yml (and their transitive dependencies) contains a file named dbt_project.yml
  
[0m16:11:12.777852 [debug] [MainThread]: Resource report: {"command_name": "run", "command_success": false, "command_wall_clock_time": 0.05814346, "process_in_blocks": "0", "process_kernel_time": 0.173732, "process_mem_max_rss": "106348544", "process_out_blocks": "0", "process_user_time": 1.020598}
[0m16:11:12.778458 [debug] [MainThread]: Command `dbt run` failed at 16:11:12.778381 after 0.06 seconds
[0m16:11:12.778764 [debug] [MainThread]: Sending event: {'category': 'dbt', 'action': 'invocation', 'label': 'end', 'context': [<snowplow_tracker.self_describing_json.SelfDescribingJson object at 0x1047733d0>, <snowplow_tracker.self_describing_json.SelfDescribingJson object at 0x10d0905d0>, <snowplow_tracker.self_describing_json.SelfDescribingJson object at 0x10cf29910>]}
[0m16:11:12.779058 [debug] [MainThread]: Flushing usage events
[0m16:11:14.116655 [debug] [MainThread]: An error was encountered while trying to flush usage events
